Archive member included because of file (symbol)

e:/work/embedded/tools/imt_sdk_win_64/winavr/bin/../lib/gcc/avr/4.3.3/avr5\libgcc.a(_mulsi3.o)
                              ./main.o (__mulsi3)
e:/work/embedded/tools/imt_sdk_win_64/winavr/bin/../lib/gcc/avr/4.3.3/avr5\libgcc.a(_divmodsi4.o)
                              ./main.o (__divmodsi4)
e:/work/embedded/tools/imt_sdk_win_64/winavr/bin/../lib/gcc/avr/4.3.3/avr5\libgcc.a(_exit.o)
                              e:/work/embedded/tools/imt_sdk_win_64/winavr/bin/../lib/gcc/avr/4.3.3/../../../../avr/lib/avr5/crtm32.o (exit)
e:/work/embedded/tools/imt_sdk_win_64/winavr/bin/../lib/gcc/avr/4.3.3/avr5\libgcc.a(_copy_data.o)
                              ./TIMER_program.o (__do_copy_data)
e:/work/embedded/tools/imt_sdk_win_64/winavr/bin/../lib/gcc/avr/4.3.3/avr5\libgcc.a(_clear_bss.o)
                              ./ADC_program.o (__do_clear_bss)
e:/work/embedded/tools/imt_sdk_win_64/winavr/bin/../lib/gcc/avr/4.3.3/avr5\libgcc.a(_udivmodsi4.o)
                              e:/work/embedded/tools/imt_sdk_win_64/winavr/bin/../lib/gcc/avr/4.3.3/avr5\libgcc.a(_divmodsi4.o) (__udivmodsi4)

Allocating common symbols
Common symbol       size              file

ADC_reading         0x1               ./main.o

Memory Configuration

Name             Origin             Length             Attributes
text             0x00000000         0x00020000         xr
data             0x00800060         0x0000ffa0         rw !x
eeprom           0x00810000         0x00010000         rw !x
fuse             0x00820000         0x00000400         rw !x
lock             0x00830000         0x00000400         rw !x
signature        0x00840000         0x00000400         rw !x
*default*        0x00000000         0xffffffff

Linker script and memory map

LOAD e:/work/embedded/tools/imt_sdk_win_64/winavr/bin/../lib/gcc/avr/4.3.3/../../../../avr/lib/avr5/crtm32.o
LOAD ./ADC_program.o
LOAD ./DIO_program.o
LOAD ./GIE_program.o
LOAD ./PORT_program.o
LOAD ./TIMER_program.o
LOAD ./main.o
LOAD e:/work/embedded/tools/imt_sdk_win_64/winavr/bin/../lib/gcc/avr/4.3.3/avr5\libgcc.a
LOAD e:/work/embedded/tools/imt_sdk_win_64/winavr/bin/../lib/gcc/avr/4.3.3/../../../../avr/lib/avr5\libc.a
LOAD e:/work/embedded/tools/imt_sdk_win_64/winavr/bin/../lib/gcc/avr/4.3.3/avr5\libgcc.a

.hash
 *(.hash)

.dynsym
 *(.dynsym)

.dynstr
 *(.dynstr)

.gnu.version
 *(.gnu.version)

.gnu.version_d
 *(.gnu.version_d)

.gnu.version_r
 *(.gnu.version_r)

.rel.init
 *(.rel.init)

.rela.init
 *(.rela.init)

.rel.text
 *(.rel.text)
 *(.rel.text.*)
 *(.rel.gnu.linkonce.t*)

.rela.text
 *(.rela.text)
 *(.rela.text.*)
 *(.rela.gnu.linkonce.t*)

.rel.fini
 *(.rel.fini)

.rela.fini
 *(.rela.fini)

.rel.rodata
 *(.rel.rodata)
 *(.rel.rodata.*)
 *(.rel.gnu.linkonce.r*)

.rela.rodata
 *(.rela.rodata)
 *(.rela.rodata.*)
 *(.rela.gnu.linkonce.r*)

.rel.data
 *(.rel.data)
 *(.rel.data.*)
 *(.rel.gnu.linkonce.d*)

.rela.data
 *(.rela.data)
 *(.rela.data.*)
 *(.rela.gnu.linkonce.d*)

.rel.ctors
 *(.rel.ctors)

.rela.ctors
 *(.rela.ctors)

.rel.dtors
 *(.rel.dtors)

.rela.dtors
 *(.rela.dtors)

.rel.got
 *(.rel.got)

.rela.got
 *(.rela.got)

.rel.bss
 *(.rel.bss)

.rela.bss
 *(.rela.bss)

.rel.plt
 *(.rel.plt)

.rela.plt
 *(.rela.plt)

.text           0x00000000      0xf6a
 *(.vectors)
 .vectors       0x00000000       0x54 e:/work/embedded/tools/imt_sdk_win_64/winavr/bin/../lib/gcc/avr/4.3.3/../../../../avr/lib/avr5/crtm32.o
                0x00000000                __vectors
                0x00000000                __vector_default
 *(.vectors)
 *(.progmem.gcc*)
 *(.progmem*)
                0x00000054                . = ALIGN (0x2)
                0x00000054                __trampolines_start = .
 *(.trampolines)
 .trampolines   0x00000054        0x0 linker stubs
 *(.trampolines*)
                0x00000054                __trampolines_end = .
 *(.jumptables)
 *(.jumptables*)
 *(.lowtext)
 *(.lowtext*)
                0x00000054                __ctors_start = .
 *(.ctors)
                0x00000054                __ctors_end = .
                0x00000054                __dtors_start = .
 *(.dtors)
                0x00000054                __dtors_end = .
 SORT(*)(.ctors)
 SORT(*)(.dtors)
 *(.init0)
 .init0         0x00000054        0x0 e:/work/embedded/tools/imt_sdk_win_64/winavr/bin/../lib/gcc/avr/4.3.3/../../../../avr/lib/avr5/crtm32.o
                0x00000054                __init
 *(.init0)
 *(.init1)
 *(.init1)
 *(.init2)
 .init2         0x00000054        0xc e:/work/embedded/tools/imt_sdk_win_64/winavr/bin/../lib/gcc/avr/4.3.3/../../../../avr/lib/avr5/crtm32.o
 *(.init2)
 *(.init3)
 *(.init3)
 *(.init4)
 .init4         0x00000060       0x16 e:/work/embedded/tools/imt_sdk_win_64/winavr/bin/../lib/gcc/avr/4.3.3/avr5\libgcc.a(_copy_data.o)
                0x00000060                __do_copy_data
 .init4         0x00000076       0x10 e:/work/embedded/tools/imt_sdk_win_64/winavr/bin/../lib/gcc/avr/4.3.3/avr5\libgcc.a(_clear_bss.o)
                0x00000076                __do_clear_bss
 *(.init4)
 *(.init5)
 *(.init5)
 *(.init6)
 *(.init6)
 *(.init7)
 *(.init7)
 *(.init8)
 *(.init8)
 *(.init9)
 .init9         0x00000086        0x8 e:/work/embedded/tools/imt_sdk_win_64/winavr/bin/../lib/gcc/avr/4.3.3/../../../../avr/lib/avr5/crtm32.o
 *(.init9)
 *(.text)
 .text          0x0000008e        0x4 e:/work/embedded/tools/imt_sdk_win_64/winavr/bin/../lib/gcc/avr/4.3.3/../../../../avr/lib/avr5/crtm32.o
                0x0000008e                __vector_1
                0x0000008e                __vector_12
                0x0000008e                __bad_interrupt
                0x0000008e                __vector_6
                0x0000008e                __vector_3
                0x0000008e                __vector_13
                0x0000008e                __vector_17
                0x0000008e                __vector_19
                0x0000008e                __vector_7
                0x0000008e                __vector_5
                0x0000008e                __vector_4
                0x0000008e                __vector_9
                0x0000008e                __vector_2
                0x0000008e                __vector_15
                0x0000008e                __vector_8
                0x0000008e                __vector_14
                0x0000008e                __vector_18
                0x0000008e                __vector_20
 .text          0x00000092        0x0 ./ADC_program.o
 .text          0x00000092        0x0 ./DIO_program.o
 .text          0x00000092        0x0 ./GIE_program.o
 .text          0x00000092        0x0 ./PORT_program.o
 .text          0x00000092        0x0 ./TIMER_program.o
 .text          0x00000092        0x0 ./main.o
 .text          0x00000092        0x0 e:/work/embedded/tools/imt_sdk_win_64/winavr/bin/../lib/gcc/avr/4.3.3/avr5\libgcc.a(_mulsi3.o)
 .text          0x00000092        0x0 e:/work/embedded/tools/imt_sdk_win_64/winavr/bin/../lib/gcc/avr/4.3.3/avr5\libgcc.a(_divmodsi4.o)
 .text          0x00000092        0x0 e:/work/embedded/tools/imt_sdk_win_64/winavr/bin/../lib/gcc/avr/4.3.3/avr5\libgcc.a(_exit.o)
 .text          0x00000092        0x0 e:/work/embedded/tools/imt_sdk_win_64/winavr/bin/../lib/gcc/avr/4.3.3/avr5\libgcc.a(_copy_data.o)
 .text          0x00000092        0x0 e:/work/embedded/tools/imt_sdk_win_64/winavr/bin/../lib/gcc/avr/4.3.3/avr5\libgcc.a(_clear_bss.o)
 .text          0x00000092        0x0 e:/work/embedded/tools/imt_sdk_win_64/winavr/bin/../lib/gcc/avr/4.3.3/avr5\libgcc.a(_udivmodsi4.o)
                0x00000092                . = ALIGN (0x2)
 *(.text.*)
 .text.ADC_VoidInit
                0x00000092       0x70 ./ADC_program.o
                0x00000092                ADC_VoidInit
 .text.ADC_u8GetChannelReadingSync
                0x00000102      0x112 ./ADC_program.o
                0x00000102                ADC_u8GetChannelReadingSync
 .text.ADC_u8GetChannelReadingAsync
                0x00000214       0xb0 ./ADC_program.o
                0x00000214                ADC_u8GetChannelReadingAsync
 .text.ADC_u16AccessADCRegisters
                0x000002c4       0x40 ./ADC_program.o
                0x000002c4                ADC_u16AccessADCRegisters
 .text.ADC_u8StartChainAsync
                0x00000304       0xd6 ./ADC_program.o
                0x00000304                ADC_u8StartChainAsync
 .text.__vector_16
                0x000003da      0x142 ./ADC_program.o
                0x000003da                __vector_16
 .text.DIO_u8SetPinValue
                0x0000051c      0x216 ./DIO_program.o
                0x0000051c                DIO_u8SetPinValue
 .text.DIO_u8SetPortValue
                0x00000732       0x90 ./DIO_program.o
                0x00000732                DIO_u8SetPortValue
 .text.DIO_u8GetPinValue
                0x000007c2      0x130 ./DIO_program.o
                0x000007c2                DIO_u8GetPinValue
 .text.DIO_u8GetPortValue
                0x000008f2       0xa4 ./DIO_program.o
                0x000008f2                DIO_u8GetPortValue
 .text.GIE_VoidEnable
                0x00000996       0x1c ./GIE_program.o
                0x00000996                GIE_VoidEnable
 .text.GIE_VoidDisable
                0x000009b2       0x1c ./GIE_program.o
                0x000009b2                GIE_VoidDisable
 .text.PORT_VoidInit
                0x000009ce       0x4a ./PORT_program.o
                0x000009ce                PORT_VoidInit
 .text.TIMER0_VoidInitSync
                0x00000a18       0x2a ./TIMER_program.o
                0x00000a18                TIMER0_VoidInitSync
 .text.TIMER0_u8WaitSync
                0x00000a42       0x6a ./TIMER_program.o
                0x00000a42                TIMER0_u8WaitSync
 .text.TIMER0_VoidInitAsync
                0x00000aac       0x70 ./TIMER_program.o
                0x00000aac                TIMER0_VoidInitAsync
 .text.TIMER0_u8SetCallBack
                0x00000b1c       0x3a ./TIMER_program.o
                0x00000b1c                TIMER0_u8SetCallBack
 .text.__vector_10
                0x00000b56       0x66 ./TIMER_program.o
                0x00000b56                __vector_10
 .text.__vector_11
                0x00000bbc       0x66 ./TIMER_program.o
                0x00000bbc                __vector_11
 .text.TIMER0_SetPreload
                0x00000c22       0x14 ./TIMER_program.o
                0x00000c22                TIMER0_SetPreload
 .text.TIMER1_VoidInit
                0x00000c36       0x94 ./TIMER_program.o
                0x00000c36                TIMER1_VoidInit
 .text.TIMER1_VoidSetOCRValue
                0x00000cca       0x24 ./TIMER_program.o
                0x00000cca                TIMER1_VoidSetOCRValue
 .text.S32Map   0x00000cee       0xe2 ./main.o
                0x00000cee                S32Map
 .text.main     0x00000dd0       0x2e ./main.o
                0x00000dd0                main
 .text.ADC_vNotification
                0x00000dfe       0xb0 ./main.o
                0x00000dfe                ADC_vNotification
 .text.libgcc   0x00000eae       0x3e e:/work/embedded/tools/imt_sdk_win_64/winavr/bin/../lib/gcc/avr/4.3.3/avr5\libgcc.a(_mulsi3.o)
                0x00000eae                __mulsi3
 .text.libgcc   0x00000eec       0x36 e:/work/embedded/tools/imt_sdk_win_64/winavr/bin/../lib/gcc/avr/4.3.3/avr5\libgcc.a(_divmodsi4.o)
                0x00000eec                __divmodsi4
 .text.libgcc   0x00000f22        0x0 e:/work/embedded/tools/imt_sdk_win_64/winavr/bin/../lib/gcc/avr/4.3.3/avr5\libgcc.a(_exit.o)
 .text.libgcc   0x00000f22        0x0 e:/work/embedded/tools/imt_sdk_win_64/winavr/bin/../lib/gcc/avr/4.3.3/avr5\libgcc.a(_copy_data.o)
 .text.libgcc   0x00000f22        0x0 e:/work/embedded/tools/imt_sdk_win_64/winavr/bin/../lib/gcc/avr/4.3.3/avr5\libgcc.a(_clear_bss.o)
 .text.libgcc   0x00000f22       0x44 e:/work/embedded/tools/imt_sdk_win_64/winavr/bin/../lib/gcc/avr/4.3.3/avr5\libgcc.a(_udivmodsi4.o)
                0x00000f22                __udivmodsi4
                0x00000f66                . = ALIGN (0x2)
 *(.fini9)
 .fini9         0x00000f66        0x0 e:/work/embedded/tools/imt_sdk_win_64/winavr/bin/../lib/gcc/avr/4.3.3/avr5\libgcc.a(_exit.o)
                0x00000f66                exit
                0x00000f66                _exit
 *(.fini9)
 *(.fini8)
 *(.fini8)
 *(.fini7)
 *(.fini7)
 *(.fini6)
 *(.fini6)
 *(.fini5)
 *(.fini5)
 *(.fini4)
 *(.fini4)
 *(.fini3)
 *(.fini3)
 *(.fini2)
 *(.fini2)
 *(.fini1)
 *(.fini1)
 *(.fini0)
 .fini0         0x00000f66        0x4 e:/work/embedded/tools/imt_sdk_win_64/winavr/bin/../lib/gcc/avr/4.3.3/avr5\libgcc.a(_exit.o)
 *(.fini0)
                0x00000f6a                _etext = .

.data           0x00800060        0x2 load address 0x00000f6a
                0x00800060                PROVIDE (__data_start, .)
 *(.data)
 .data          0x00800060        0x0 e:/work/embedded/tools/imt_sdk_win_64/winavr/bin/../lib/gcc/avr/4.3.3/../../../../avr/lib/avr5/crtm32.o
 .data          0x00800060        0x0 ./ADC_program.o
 .data          0x00800060        0x0 ./DIO_program.o
 .data          0x00800060        0x0 ./GIE_program.o
 .data          0x00800060        0x0 ./PORT_program.o
 .data          0x00800060        0x0 ./TIMER_program.o
 .data          0x00800060        0x0 ./main.o
 .data          0x00800060        0x0 e:/work/embedded/tools/imt_sdk_win_64/winavr/bin/../lib/gcc/avr/4.3.3/avr5\libgcc.a(_mulsi3.o)
 .data          0x00800060        0x0 e:/work/embedded/tools/imt_sdk_win_64/winavr/bin/../lib/gcc/avr/4.3.3/avr5\libgcc.a(_divmodsi4.o)
 .data          0x00800060        0x0 e:/work/embedded/tools/imt_sdk_win_64/winavr/bin/../lib/gcc/avr/4.3.3/avr5\libgcc.a(_exit.o)
 .data          0x00800060        0x0 e:/work/embedded/tools/imt_sdk_win_64/winavr/bin/../lib/gcc/avr/4.3.3/avr5\libgcc.a(_copy_data.o)
 .data          0x00800060        0x0 e:/work/embedded/tools/imt_sdk_win_64/winavr/bin/../lib/gcc/avr/4.3.3/avr5\libgcc.a(_clear_bss.o)
 .data          0x00800060        0x0 e:/work/embedded/tools/imt_sdk_win_64/winavr/bin/../lib/gcc/avr/4.3.3/avr5\libgcc.a(_udivmodsi4.o)
 *(.data*)
 .data.Global_u8State
                0x00800060        0x1 ./TIMER_program.o
                0x00800060                Global_u8State
 *(.rodata)
 *(.rodata*)
 *(.gnu.linkonce.d*)
                0x00800062                . = ALIGN (0x2)
 *fill*         0x00800061        0x1 00
                0x00800062                _edata = .
                0x00800062                PROVIDE (__data_end, .)

.bss            0x00800062        0xf
                0x00800062                PROVIDE (__bss_start, .)
 *(.bss)
 .bss           0x00800062        0x0 e:/work/embedded/tools/imt_sdk_win_64/winavr/bin/../lib/gcc/avr/4.3.3/../../../../avr/lib/avr5/crtm32.o
 .bss           0x00800062        0x0 ./ADC_program.o
 .bss           0x00800062        0x0 ./DIO_program.o
 .bss           0x00800062        0x0 ./GIE_program.o
 .bss           0x00800062        0x0 ./PORT_program.o
 .bss           0x00800062        0x0 ./TIMER_program.o
 .bss           0x00800062        0x0 ./main.o
 .bss           0x00800062        0x0 e:/work/embedded/tools/imt_sdk_win_64/winavr/bin/../lib/gcc/avr/4.3.3/avr5\libgcc.a(_mulsi3.o)
 .bss           0x00800062        0x0 e:/work/embedded/tools/imt_sdk_win_64/winavr/bin/../lib/gcc/avr/4.3.3/avr5\libgcc.a(_divmodsi4.o)
 .bss           0x00800062        0x0 e:/work/embedded/tools/imt_sdk_win_64/winavr/bin/../lib/gcc/avr/4.3.3/avr5\libgcc.a(_exit.o)
 .bss           0x00800062        0x0 e:/work/embedded/tools/imt_sdk_win_64/winavr/bin/../lib/gcc/avr/4.3.3/avr5\libgcc.a(_copy_data.o)
 .bss           0x00800062        0x0 e:/work/embedded/tools/imt_sdk_win_64/winavr/bin/../lib/gcc/avr/4.3.3/avr5\libgcc.a(_clear_bss.o)
 .bss           0x00800062        0x0 e:/work/embedded/tools/imt_sdk_win_64/winavr/bin/../lib/gcc/avr/4.3.3/avr5\libgcc.a(_udivmodsi4.o)
 *(.bss*)
 .bss.Global_u8ADCState
                0x00800062        0x1 ./ADC_program.o
                0x00800062                Global_u8ADCState
 .bss.Global_pu16ADCChainResultArr
                0x00800063        0x2 ./ADC_program.o
 .bss.Global_pu8ADCChannelArr
                0x00800065        0x2 ./ADC_program.o
 .bss.Global_u8ChainConversionIndex
                0x00800067        0x1 ./ADC_program.o
 .bss.ADC_pvSetCallBackNotification
                0x00800068        0x2 ./ADC_program.o
 .bss.ADC_u8ISRSource
                0x0080006a        0x1 ./ADC_program.o
 .bss.ADC_pu16Reading
                0x0080006b        0x2 ./ADC_program.o
 .bss.Global_u8ADCChainSize
                0x0080006d        0x1 ./ADC_program.o
 .bss.Timer0_Notif
                0x0080006e        0x2 ./TIMER_program.o
                0x0080006e                Timer0_Notif
 *(COMMON)
 COMMON         0x00800070        0x1 ./main.o
                0x00800070                ADC_reading
                0x00800071                PROVIDE (__bss_end, .)
                0x00000f6a                __data_load_start = LOADADDR (.data)
                0x00000f6c                __data_load_end = (__data_load_start + SIZEOF (.data))

.noinit         0x00800071        0x0
                0x00800071                PROVIDE (__noinit_start, .)
 *(.noinit*)
                0x00800071                PROVIDE (__noinit_end, .)
                0x00800071                _end = .
                0x00800071                PROVIDE (__heap_start, .)

.eeprom         0x00810000        0x0
 *(.eeprom*)
                0x00810000                __eeprom_end = .

.fuse
 *(.fuse)
 *(.lfuse)
 *(.hfuse)
 *(.efuse)

.lock
 *(.lock*)

.signature
 *(.signature*)

.stab           0x00000000     0x1704
 *(.stab)
 .stab          0x00000000      0x90c ./ADC_program.o
 .stab          0x0000090c      0x480 ./DIO_program.o
                                0x4f8 (size before relaxing)
 .stab          0x00000d8c      0x144 ./GIE_program.o
                                0x1bc (size before relaxing)
 .stab          0x00000ed0      0x168 ./PORT_program.o
                                0x1e0 (size before relaxing)
 .stab          0x00001038      0x48c ./TIMER_program.o
                                0x504 (size before relaxing)
 .stab          0x000014c4      0x240 ./main.o
                                0x45c (size before relaxing)

.stabstr        0x00000000      0xd5a
 *(.stabstr)
 .stabstr       0x00000000      0xd5a ./ADC_program.o

.stab.excl
 *(.stab.excl)

.stab.exclstr
 *(.stab.exclstr)

.stab.index
 *(.stab.index)

.stab.indexstr
 *(.stab.indexstr)

.comment
 *(.comment)

.debug
 *(.debug)

.line
 *(.line)

.debug_srcinfo
 *(.debug_srcinfo)

.debug_sfnames
 *(.debug_sfnames)

.debug_aranges
 *(.debug_aranges)

.debug_pubnames
 *(.debug_pubnames)

.debug_info
 *(.debug_info)
 *(.gnu.linkonce.wi.*)

.debug_abbrev
 *(.debug_abbrev)

.debug_line
 *(.debug_line)

.debug_frame
 *(.debug_frame)

.debug_str
 *(.debug_str)

.debug_loc
 *(.debug_loc)

.debug_macinfo
 *(.debug_macinfo)
OUTPUT(project25_ServoOperation.elf elf32-avr)
LOAD linker stubs
