Archive member included because of file (symbol)

e:/work/embedded/tools/imt_sdk_win_64/winavr/bin/../lib/gcc/avr/4.3.3/avr5\libgcc.a(_exit.o)
                              e:/work/embedded/tools/imt_sdk_win_64/winavr/bin/../lib/gcc/avr/4.3.3/../../../../avr/lib/avr5/crtm32.o (exit)
e:/work/embedded/tools/imt_sdk_win_64/winavr/bin/../lib/gcc/avr/4.3.3/avr5\libgcc.a(_clear_bss.o)
                              ./EXTI_program.o (__do_clear_bss)

Memory Configuration

Name             Origin             Length             Attributes
text             0x00000000         0x00020000         xr
data             0x00800060         0x0000ffa0         rw !x
eeprom           0x00810000         0x00010000         rw !x
fuse             0x00820000         0x00000400         rw !x
lock             0x00830000         0x00000400         rw !x
signature        0x00840000         0x00000400         rw !x
*default*        0x00000000         0xffffffff

Linker script and memory map

LOAD e:/work/embedded/tools/imt_sdk_win_64/winavr/bin/../lib/gcc/avr/4.3.3/../../../../avr/lib/avr5/crtm32.o
LOAD ./DIO_program.o
LOAD ./EXTI_program.o
LOAD ./GIE_program.o
LOAD ./PORT_program.o
LOAD ./main.o
LOAD e:/work/embedded/tools/imt_sdk_win_64/winavr/bin/../lib/gcc/avr/4.3.3/avr5\libgcc.a
LOAD e:/work/embedded/tools/imt_sdk_win_64/winavr/bin/../lib/gcc/avr/4.3.3/../../../../avr/lib/avr5\libc.a
LOAD e:/work/embedded/tools/imt_sdk_win_64/winavr/bin/../lib/gcc/avr/4.3.3/avr5\libgcc.a

.hash
 *(.hash)

.dynsym
 *(.dynsym)

.dynstr
 *(.dynstr)

.gnu.version
 *(.gnu.version)

.gnu.version_d
 *(.gnu.version_d)

.gnu.version_r
 *(.gnu.version_r)

.rel.init
 *(.rel.init)

.rela.init
 *(.rela.init)

.rel.text
 *(.rel.text)
 *(.rel.text.*)
 *(.rel.gnu.linkonce.t*)

.rela.text
 *(.rela.text)
 *(.rela.text.*)
 *(.rela.gnu.linkonce.t*)

.rel.fini
 *(.rel.fini)

.rela.fini
 *(.rela.fini)

.rel.rodata
 *(.rel.rodata)
 *(.rel.rodata.*)
 *(.rel.gnu.linkonce.r*)

.rela.rodata
 *(.rela.rodata)
 *(.rela.rodata.*)
 *(.rela.gnu.linkonce.r*)

.rel.data
 *(.rel.data)
 *(.rel.data.*)
 *(.rel.gnu.linkonce.d*)

.rela.data
 *(.rela.data)
 *(.rela.data.*)
 *(.rela.gnu.linkonce.d*)

.rel.ctors
 *(.rel.ctors)

.rela.ctors
 *(.rela.ctors)

.rel.dtors
 *(.rel.dtors)

.rela.dtors
 *(.rela.dtors)

.rel.got
 *(.rel.got)

.rela.got
 *(.rela.got)

.rel.bss
 *(.rel.bss)

.rela.bss
 *(.rela.bss)

.rel.plt
 *(.rel.plt)

.rela.plt
 *(.rela.plt)

.text           0x00000000      0xb70
 *(.vectors)
 .vectors       0x00000000       0x54 e:/work/embedded/tools/imt_sdk_win_64/winavr/bin/../lib/gcc/avr/4.3.3/../../../../avr/lib/avr5/crtm32.o
                0x00000000                __vectors
                0x00000000                __vector_default
 *(.vectors)
 *(.progmem.gcc*)
 *(.progmem*)
                0x00000054                . = ALIGN (0x2)
                0x00000054                __trampolines_start = .
 *(.trampolines)
 .trampolines   0x00000054        0x0 linker stubs
 *(.trampolines*)
                0x00000054                __trampolines_end = .
 *(.jumptables)
 *(.jumptables*)
 *(.lowtext)
 *(.lowtext*)
                0x00000054                __ctors_start = .
 *(.ctors)
                0x00000054                __ctors_end = .
                0x00000054                __dtors_start = .
 *(.dtors)
                0x00000054                __dtors_end = .
 SORT(*)(.ctors)
 SORT(*)(.dtors)
 *(.init0)
 .init0         0x00000054        0x0 e:/work/embedded/tools/imt_sdk_win_64/winavr/bin/../lib/gcc/avr/4.3.3/../../../../avr/lib/avr5/crtm32.o
                0x00000054                __init
 *(.init0)
 *(.init1)
 *(.init1)
 *(.init2)
 .init2         0x00000054        0xc e:/work/embedded/tools/imt_sdk_win_64/winavr/bin/../lib/gcc/avr/4.3.3/../../../../avr/lib/avr5/crtm32.o
 *(.init2)
 *(.init3)
 *(.init3)
 *(.init4)
 .init4         0x00000060       0x10 e:/work/embedded/tools/imt_sdk_win_64/winavr/bin/../lib/gcc/avr/4.3.3/avr5\libgcc.a(_clear_bss.o)
                0x00000060                __do_clear_bss
 *(.init4)
 *(.init5)
 *(.init5)
 *(.init6)
 *(.init6)
 *(.init7)
 *(.init7)
 *(.init8)
 *(.init8)
 *(.init9)
 .init9         0x00000070        0x8 e:/work/embedded/tools/imt_sdk_win_64/winavr/bin/../lib/gcc/avr/4.3.3/../../../../avr/lib/avr5/crtm32.o
 *(.init9)
 *(.text)
 .text          0x00000078        0x4 e:/work/embedded/tools/imt_sdk_win_64/winavr/bin/../lib/gcc/avr/4.3.3/../../../../avr/lib/avr5/crtm32.o
                0x00000078                __vector_12
                0x00000078                __bad_interrupt
                0x00000078                __vector_6
                0x00000078                __vector_11
                0x00000078                __vector_13
                0x00000078                __vector_17
                0x00000078                __vector_19
                0x00000078                __vector_7
                0x00000078                __vector_5
                0x00000078                __vector_4
                0x00000078                __vector_9
                0x00000078                __vector_15
                0x00000078                __vector_8
                0x00000078                __vector_14
                0x00000078                __vector_10
                0x00000078                __vector_16
                0x00000078                __vector_18
                0x00000078                __vector_20
 .text          0x0000007c        0x0 ./DIO_program.o
 .text          0x0000007c        0x0 ./EXTI_program.o
 .text          0x0000007c        0x0 ./GIE_program.o
 .text          0x0000007c        0x0 ./PORT_program.o
 .text          0x0000007c        0x0 ./main.o
 .text          0x0000007c        0x0 e:/work/embedded/tools/imt_sdk_win_64/winavr/bin/../lib/gcc/avr/4.3.3/avr5\libgcc.a(_exit.o)
 .text          0x0000007c        0x0 e:/work/embedded/tools/imt_sdk_win_64/winavr/bin/../lib/gcc/avr/4.3.3/avr5\libgcc.a(_clear_bss.o)
                0x0000007c                . = ALIGN (0x2)
 *(.text.*)
 .text.DIO_u8SetPinValue
                0x0000007c      0x216 ./DIO_program.o
                0x0000007c                DIO_u8SetPinValue
 .text.DIO_u8SetPortValue
                0x00000292       0x90 ./DIO_program.o
                0x00000292                DIO_u8SetPortValue
 .text.DIO_u8GetPinValue
                0x00000322      0x130 ./DIO_program.o
                0x00000322                DIO_u8GetPinValue
 .text.DIO_u8GetPortValue
                0x00000452       0xa4 ./DIO_program.o
                0x00000452                DIO_u8GetPortValue
 .text.EXTI_voidInt0Init
                0x000004f6       0x38 ./EXTI_program.o
                0x000004f6                EXTI_voidInt0Init
 .text.EXTI_voidInt1Init
                0x0000052e       0x38 ./EXTI_program.o
                0x0000052e                EXTI_voidInt1Init
 .text.EXTI_voidInt2Init
                0x00000566       0x2a ./EXTI_program.o
                0x00000566                EXTI_voidInt2Init
 .text.EXTI_u8SetControlSense
                0x00000590      0x208 ./EXTI_program.o
                0x00000590                EXTI_u8SetControlSense
 .text.EXTI_u8InterruptEnable
                0x00000798       0x7c ./EXTI_program.o
                0x00000798                EXTI_u8InterruptEnable
 .text.EXTI_u8InterruptDisable
                0x00000814       0x7c ./EXTI_program.o
                0x00000814                EXTI_u8InterruptDisable
 .text.EXTI_u8Int0SetCallBack
                0x00000890       0x3a ./EXTI_program.o
                0x00000890                EXTI_u8Int0SetCallBack
 .text.EXTI_u8Int1SetCallBack
                0x000008ca       0x3a ./EXTI_program.o
                0x000008ca                EXTI_u8Int1SetCallBack
 .text.EXTI_u8Int2SetCallBack
                0x00000904       0x3a ./EXTI_program.o
                0x00000904                EXTI_u8Int2SetCallBack
 .text.__vector_1
                0x0000093e       0x5a ./EXTI_program.o
                0x0000093e                __vector_1
 .text.__vector_2
                0x00000998       0x5a ./EXTI_program.o
                0x00000998                __vector_2
 .text.__vector_3
                0x000009f2       0x5a ./EXTI_program.o
                0x000009f2                __vector_3
 .text.GIE_VoidEnable
                0x00000a4c       0x1c ./GIE_program.o
                0x00000a4c                GIE_VoidEnable
 .text.GIE_VoidDisable
                0x00000a68       0x1c ./GIE_program.o
                0x00000a68                GIE_VoidDisable
 .text.PORT_VoidInit
                0x00000a84       0x4c ./PORT_program.o
                0x00000a84                PORT_VoidInit
 .text.main     0x00000ad0       0x54 ./main.o
                0x00000ad0                main
 .text.ISR_voidInt0
                0x00000b24       0x18 ./main.o
                0x00000b24                ISR_voidInt0
 .text.ISR_voidInt1
                0x00000b3c       0x18 ./main.o
                0x00000b3c                ISR_voidInt1
 .text.ISR_voidInt2
                0x00000b54       0x18 ./main.o
                0x00000b54                ISR_voidInt2
 .text.libgcc   0x00000b6c        0x0 e:/work/embedded/tools/imt_sdk_win_64/winavr/bin/../lib/gcc/avr/4.3.3/avr5\libgcc.a(_exit.o)
 .text.libgcc   0x00000b6c        0x0 e:/work/embedded/tools/imt_sdk_win_64/winavr/bin/../lib/gcc/avr/4.3.3/avr5\libgcc.a(_clear_bss.o)
                0x00000b6c                . = ALIGN (0x2)
 *(.fini9)
 .fini9         0x00000b6c        0x0 e:/work/embedded/tools/imt_sdk_win_64/winavr/bin/../lib/gcc/avr/4.3.3/avr5\libgcc.a(_exit.o)
                0x00000b6c                exit
                0x00000b6c                _exit
 *(.fini9)
 *(.fini8)
 *(.fini8)
 *(.fini7)
 *(.fini7)
 *(.fini6)
 *(.fini6)
 *(.fini5)
 *(.fini5)
 *(.fini4)
 *(.fini4)
 *(.fini3)
 *(.fini3)
 *(.fini2)
 *(.fini2)
 *(.fini1)
 *(.fini1)
 *(.fini0)
 .fini0         0x00000b6c        0x4 e:/work/embedded/tools/imt_sdk_win_64/winavr/bin/../lib/gcc/avr/4.3.3/avr5\libgcc.a(_exit.o)
 *(.fini0)
                0x00000b70                _etext = .

.data           0x00800060        0x0 load address 0x00000b70
                0x00800060                PROVIDE (__data_start, .)
 *(.data)
 .data          0x00800060        0x0 e:/work/embedded/tools/imt_sdk_win_64/winavr/bin/../lib/gcc/avr/4.3.3/../../../../avr/lib/avr5/crtm32.o
 .data          0x00800060        0x0 ./DIO_program.o
 .data          0x00800060        0x0 ./EXTI_program.o
 .data          0x00800060        0x0 ./GIE_program.o
 .data          0x00800060        0x0 ./PORT_program.o
 .data          0x00800060        0x0 ./main.o
 .data          0x00800060        0x0 e:/work/embedded/tools/imt_sdk_win_64/winavr/bin/../lib/gcc/avr/4.3.3/avr5\libgcc.a(_exit.o)
 .data          0x00800060        0x0 e:/work/embedded/tools/imt_sdk_win_64/winavr/bin/../lib/gcc/avr/4.3.3/avr5\libgcc.a(_clear_bss.o)
 *(.data*)
 *(.rodata)
 *(.rodata*)
 *(.gnu.linkonce.d*)
                0x00800060                . = ALIGN (0x2)
                0x00800060                _edata = .
                0x00800060                PROVIDE (__data_end, .)

.bss            0x00800060        0x6
                0x00800060                PROVIDE (__bss_start, .)
 *(.bss)
 .bss           0x00800060        0x0 e:/work/embedded/tools/imt_sdk_win_64/winavr/bin/../lib/gcc/avr/4.3.3/../../../../avr/lib/avr5/crtm32.o
 .bss           0x00800060        0x0 ./DIO_program.o
 .bss           0x00800060        0x0 ./EXTI_program.o
 .bss           0x00800060        0x0 ./GIE_program.o
 .bss           0x00800060        0x0 ./PORT_program.o
 .bss           0x00800060        0x0 ./main.o
 .bss           0x00800060        0x0 e:/work/embedded/tools/imt_sdk_win_64/winavr/bin/../lib/gcc/avr/4.3.3/avr5\libgcc.a(_exit.o)
 .bss           0x00800060        0x0 e:/work/embedded/tools/imt_sdk_win_64/winavr/bin/../lib/gcc/avr/4.3.3/avr5\libgcc.a(_clear_bss.o)
 *(.bss*)
 .bss.EXTI_pvInt0Func
                0x00800060        0x2 ./EXTI_program.o
                0x00800060                EXTI_pvInt0Func
 .bss.EXTI_pvInt1Func
                0x00800062        0x2 ./EXTI_program.o
                0x00800062                EXTI_pvInt1Func
 .bss.EXTI_pvInt2Func
                0x00800064        0x2 ./EXTI_program.o
                0x00800064                EXTI_pvInt2Func
 *(COMMON)
                0x00800066                PROVIDE (__bss_end, .)
                0x00000b70                __data_load_start = LOADADDR (.data)
                0x00000b70                __data_load_end = (__data_load_start + SIZEOF (.data))

.noinit         0x00800066        0x0
                0x00800066                PROVIDE (__noinit_start, .)
 *(.noinit*)
                0x00800066                PROVIDE (__noinit_end, .)
                0x00800066                _end = .
                0x00800066                PROVIDE (__heap_start, .)

.eeprom         0x00810000        0x0
 *(.eeprom*)
                0x00810000                __eeprom_end = .

.fuse
 *(.fuse)
 *(.lfuse)
 *(.hfuse)
 *(.efuse)

.lock
 *(.lock*)

.signature
 *(.signature*)

.stab           0x00000000     0x12a8
 *(.stab)
 .stab          0x00000000      0x4f8 ./DIO_program.o
 .stab          0x000004f8      0x744 ./EXTI_program.o
                                0x7bc (size before relaxing)
 .stab          0x00000c3c      0x144 ./GIE_program.o
                                0x1bc (size before relaxing)
 .stab          0x00000d80      0x168 ./PORT_program.o
                                0x1e0 (size before relaxing)
 .stab          0x00000ee8      0x3c0 ./main.o
                                0x438 (size before relaxing)

.stabstr        0x00000000      0xa80
 *(.stabstr)
 .stabstr       0x00000000      0xa80 ./DIO_program.o

.stab.excl
 *(.stab.excl)

.stab.exclstr
 *(.stab.exclstr)

.stab.index
 *(.stab.index)

.stab.indexstr
 *(.stab.indexstr)

.comment
 *(.comment)

.debug
 *(.debug)

.line
 *(.line)

.debug_srcinfo
 *(.debug_srcinfo)

.debug_sfnames
 *(.debug_sfnames)

.debug_aranges
 *(.debug_aranges)

.debug_pubnames
 *(.debug_pubnames)

.debug_info
 *(.debug_info)
 *(.gnu.linkonce.wi.*)

.debug_abbrev
 *(.debug_abbrev)

.debug_line
 *(.debug_line)

.debug_frame
 *(.debug_frame)

.debug_str
 *(.debug_str)

.debug_loc
 *(.debug_loc)

.debug_macinfo
 *(.debug_macinfo)
OUTPUT(project16_interrupt.elf elf32-avr)
LOAD linker stubs
